// Jest Snapshot v1, https://goo.gl/fbAQLP

exports[`component Map should render without crashing render without crashing 1`] = `ShallowWrapper {}`;
